// Jest Snapshot v1, https://goo.gl/fbAQLP

exports[`Counter Container snapshot render 1`] = `
Array [
  <hr
    style={
      Object {
        "margin": "auto",
        "width": "50%",
      }
    }
  />,
  <h2
    style={
      Object {
        "textAlign": "center",
      }
    }
  >
    0
  </h2>,
  <div
    style={
      Object {
        "margin": "auto",
        "width": "max-content",
      }
    }
  >
    <button
      onClick={[Function]}
      style={
        Object {
          "margin": "25px",
        }
      }
    >
      DEC NUM
    </button>
    <button
      onClick={[Function]}
      style={
        Object {
          "margin": "25px",
        }
      }
    >
      INC NUM
    </button>
  </div>,
]
`;
